<html>
<body>
<pre>
<h1>µVision Build Log</h1>
<h2>Tool Versions:</h2>
IDE-Version: µVision V5.43.1.0
Copyright (C) 2025 ARM Ltd and ARM Germany GmbH. All rights reserved.
License Information: ha elliot
feng chia university
User-based license: Keil MDK Community (non-commercial free of charge)
Valid until: Jun 1 2033. Cached until: Oct 2 2026
 
Tool Versions:
Toolchain:       Keil MDK Community (non-commercial free of charge  Version: 5.43.0.0
Toolchain Path:  C:\Users\elliot\AppData\Local\Keil_v5\ARM\ARMCLANG\Bin
C Compiler:      ArmClang.exe V6.24
Assembler:       Armasm.exe V6.24
Linker/Locator:  ArmLink.exe V6.24
Library Manager: ArmAr.exe V6.24
Hex Converter:   FromElf.exe V6.24
CPU DLL:         SARMCM3.DLL V5.43.0.0
Dialog DLL:      DARMCM1.DLL V1.19.6.0
Target DLL:      Nu_Link.dll V3.23
Dialog DLL:      TARMCM1.DLL V1.14.6.0
 
<h2>Project:</h2>
C:\Users\elliot\Desktop\Nu-LB-NUC140_BSP3.00.004_v1.4.5\Nu-LB-NUC140_BSP3.00.004_v1.4.5\SampleCode\Nu-LB-NUC140\GPIO_7seg_keypad4_buzz\KEIL\Nu-LB-NUC140_7seg.uvprojx
Project File Date:  09/25/2026

<h2>Output:</h2>
*** Using Compiler 'V6.24', folder: 'C:\Users\elliot\AppData\Local\Keil_v5\ARM\ARMCLANG\Bin'
Rebuild target 'GPIO'
assembling startup_NUC100Series.s...
compiling system_NUC100Series.c...
creating preprocessor file for uart.c...
creating preprocessor file for gpio.c...
compiling clk.c...
creating preprocessor file for system_NUC100Series.c...
creating preprocessor file for sys.c...
compiling gpio.c...
creating preprocessor file for clk.c...
compiling sys.c...
compiling uart.c...
creating preprocessor file for main.c...
compiling main.c...
creating preprocessor file for SYS_init.c...
compiling SYS_init.c...
creating preprocessor file for Seven_Segment.c...
creating preprocessor file for Scankey.c...
compiling Seven_Segment.c...
compiling Scankey.c...
linking...
Program Size: Code=3200 RO-data=252 RW-data=60 ZI-data=1024  
After Build - User command #1: fromelf --bin ".\obj\GPIO_7seg_keypad.axf" --output ".\obj\GPIO_7seg_keypad.bin"
After Build - User command #2: fromelf --text -c ".\obj\GPIO_7seg_keypad.axf" --output ".\obj\GPIO_7seg_keypad.txt"
".\obj\GPIO_7seg_keypad.axf" - 0 Error(s), 0 Warning(s).

<h2>Software Packages used:</h2>

Package Vendor: ARM
                http://www.keil.com/pack/ARM.CMSIS.5.9.0.pack
                ARM::CMSIS@5.9.0
                CMSIS (Common Microcontroller Software Interface Standard)
   * Component: CORE Version: 5.6.0

Package Vendor: Nuvoton
                https://github.com/OpenNuvoton/cmsis-packs/raw/master/Nuvoton_DFP/Nuvoton.NuMicroM0_DFP.1.0.2.pack
                Nuvoton::NuMicroM0_DFP@1.0.2
                Nuvoton ARM Cortex-M0 NuMicro Family Device Support

<h2>Collection of Component include folders:</h2>
  ./RTE/_GPIO
  C:/Users/elliot/AppData/Local/Arm/Packs/ARM/CMSIS/5.9.0/CMSIS/Core/Include
  C:/Users/elliot/AppData/Local/Arm/Packs/Nuvoton/NuMicroM0_DFP/1.0.2/Device/NUC100/Include

<h2>Collection of Component Files used:</h2>

   * Component: ARM::CMSIS:CORE@5.6.0
Build Time Elapsed:  00:00:01
</pre>
</body>
</html>
