Component: Arm Compiler for Embedded 6.24 Tool: armlink [5f371500]

==============================================================================

Small function inlining results

Inlined function __aeabi_idiv0 from idiv0.o at offset 0x160 in aeabi_sdiv.o(.text).
Inlined Instruction: BX       lr
Inlined function __aeabi_idiv0 from idiv0.o at offset 0xc in aeabi_sdiv_div0.o(.text).
Inlined Instruction: BX       lr
Inlined function __aeabi_idiv0 from idiv0.o at offset 0x176 in aeabi_sdiv_div0.o(.text).
Inlined Instruction: BX       lr
Inlined function __aeabi_idiv0 from idiv0.o at offset 0x18 in uidiv_div0.o(.text).
Inlined Instruction: BX       lr
Inlined function __aeabi_idiv0 from idiv0.o at offset 0x42 in idiv_div0.o(.text).
Inlined Instruction: BX       lr
Inlined total of 5 calls.

==============================================================================

Section Cross References

    system_nuc100series.o(.text.SystemCoreClockUpdate) refers to system_nuc100series.o(.text.CLK_GetPLLClockFreq) for CLK_GetPLLClockFreq
    system_nuc100series.o(.text.SystemCoreClockUpdate) refers to uidiv_div0.o(.text) for __aeabi_uidiv
    system_nuc100series.o(.text.SystemCoreClockUpdate) refers to system_nuc100series.o(.data.PllClock) for PllClock
    system_nuc100series.o(.text.SystemCoreClockUpdate) refers to system_nuc100series.o(.data.gau32ClkSrcTbl) for gau32ClkSrcTbl
    system_nuc100series.o(.text.SystemCoreClockUpdate) refers to system_nuc100series.o(.data.SystemCoreClock) for SystemCoreClock
    system_nuc100series.o(.text.SystemCoreClockUpdate) refers to system_nuc100series.o(.data.CyclesPerUs) for CyclesPerUs
    system_nuc100series.o(.ARM.exidx.text.SystemCoreClockUpdate) refers to system_nuc100series.o(.text.SystemCoreClockUpdate) for [Anonymous Symbol]
    system_nuc100series.o(.text.CLK_GetPLLClockFreq) refers to uidiv_div0.o(.text) for __aeabi_uidiv
    system_nuc100series.o(.ARM.exidx.text.CLK_GetPLLClockFreq) refers to system_nuc100series.o(.text.CLK_GetPLLClockFreq) for [Anonymous Symbol]
    system_nuc100series.o(.ARM.exidx.text.SystemInit) refers to system_nuc100series.o(.text.SystemInit) for [Anonymous Symbol]
    startup_nuc100series.o(RESET) refers to startup_nuc100series.o(STACK) for __initial_sp
    startup_nuc100series.o(RESET) refers to startup_nuc100series.o(.text) for Reset_Handler
    startup_nuc100series.o(.text) refers to system_nuc100series.o(.text.SystemInit) for SystemInit
    startup_nuc100series.o(.text) refers to entry.o(.ARM.Collect$$$$00000000) for __main
    gpio.o(.ARM.exidx.text.GPIO_SetMode) refers to gpio.o(.text.GPIO_SetMode) for [Anonymous Symbol]
    gpio.o(.ARM.exidx.text.GPIO_EnableInt) refers to gpio.o(.text.GPIO_EnableInt) for [Anonymous Symbol]
    gpio.o(.ARM.exidx.text.GPIO_DisableInt) refers to gpio.o(.text.GPIO_DisableInt) for [Anonymous Symbol]
    uart.o(.ARM.exidx.text.UART_ClearIntFlag) refers to uart.o(.text.UART_ClearIntFlag) for [Anonymous Symbol]
    uart.o(.ARM.exidx.text.UART_Close) refers to uart.o(.text.UART_Close) for [Anonymous Symbol]
    uart.o(.ARM.exidx.text.UART_DisableFlowCtrl) refers to uart.o(.text.UART_DisableFlowCtrl) for [Anonymous Symbol]
    uart.o(.text.UART_DisableInt) refers to uart.o(.text.NVIC_DisableIRQ) for NVIC_DisableIRQ
    uart.o(.ARM.exidx.text.UART_DisableInt) refers to uart.o(.text.UART_DisableInt) for [Anonymous Symbol]
    uart.o(.ARM.exidx.text.NVIC_DisableIRQ) refers to uart.o(.text.NVIC_DisableIRQ) for [Anonymous Symbol]
    uart.o(.ARM.exidx.text.UART_EnableFlowCtrl) refers to uart.o(.text.UART_EnableFlowCtrl) for [Anonymous Symbol]
    uart.o(.text.UART_EnableInt) refers to uart.o(.text.NVIC_EnableIRQ) for NVIC_EnableIRQ
    uart.o(.ARM.exidx.text.UART_EnableInt) refers to uart.o(.text.UART_EnableInt) for [Anonymous Symbol]
    uart.o(.ARM.exidx.text.NVIC_EnableIRQ) refers to uart.o(.text.NVIC_EnableIRQ) for [Anonymous Symbol]
    uart.o(.text.UART_Open) refers to uart.o(.text.CLK_GetPLLClockFreq) for CLK_GetPLLClockFreq
    uart.o(.text.UART_Open) refers to uidiv_div0.o(.text) for __aeabi_uidiv
    uart.o(.ARM.exidx.text.UART_Open) refers to uart.o(.text.UART_Open) for [Anonymous Symbol]
    uart.o(.text.CLK_GetPLLClockFreq) refers to uidiv_div0.o(.text) for __aeabi_uidiv
    uart.o(.ARM.exidx.text.CLK_GetPLLClockFreq) refers to uart.o(.text.CLK_GetPLLClockFreq) for [Anonymous Symbol]
    uart.o(.ARM.exidx.text.UART_Read) refers to uart.o(.text.UART_Read) for [Anonymous Symbol]
    uart.o(.text.UART_SetLine_Config) refers to uart.o(.text.CLK_GetPLLClockFreq) for CLK_GetPLLClockFreq
    uart.o(.text.UART_SetLine_Config) refers to uidiv_div0.o(.text) for __aeabi_uidiv
    uart.o(.ARM.exidx.text.UART_SetLine_Config) refers to uart.o(.text.UART_SetLine_Config) for [Anonymous Symbol]
    uart.o(.ARM.exidx.text.UART_SetTimeoutCnt) refers to uart.o(.text.UART_SetTimeoutCnt) for [Anonymous Symbol]
    uart.o(.text.UART_SelectIrDAMode) refers to uart.o(.text.CLK_GetPLLClockFreq) for CLK_GetPLLClockFreq
    uart.o(.text.UART_SelectIrDAMode) refers to uidiv_div0.o(.text) for __aeabi_uidiv
    uart.o(.ARM.exidx.text.UART_SelectIrDAMode) refers to uart.o(.text.UART_SelectIrDAMode) for [Anonymous Symbol]
    uart.o(.ARM.exidx.text.UART_SelectRS485Mode) refers to uart.o(.text.UART_SelectRS485Mode) for [Anonymous Symbol]
    uart.o(.ARM.exidx.text.UART_SelectLINMode) refers to uart.o(.text.UART_SelectLINMode) for [Anonymous Symbol]
    uart.o(.ARM.exidx.text.UART_Write) refers to uart.o(.text.UART_Write) for [Anonymous Symbol]
    clk.o(.text.CLK_DisableCKO) refers to clk.o(.text.CLK_DisableModuleClock) for CLK_DisableModuleClock
    clk.o(.ARM.exidx.text.CLK_DisableCKO) refers to clk.o(.text.CLK_DisableCKO) for [Anonymous Symbol]
    clk.o(.ARM.exidx.text.CLK_DisableModuleClock) refers to clk.o(.text.CLK_DisableModuleClock) for [Anonymous Symbol]
    clk.o(.text.CLK_EnableCKO) refers to clk.o(.text.CLK_EnableModuleClock) for CLK_EnableModuleClock
    clk.o(.text.CLK_EnableCKO) refers to clk.o(.text.CLK_SetModuleClock) for CLK_SetModuleClock
    clk.o(.ARM.exidx.text.CLK_EnableCKO) refers to clk.o(.text.CLK_EnableCKO) for [Anonymous Symbol]
    clk.o(.ARM.exidx.text.CLK_EnableModuleClock) refers to clk.o(.text.CLK_EnableModuleClock) for [Anonymous Symbol]
    clk.o(.ARM.exidx.text.CLK_SetModuleClock) refers to clk.o(.text.CLK_SetModuleClock) for [Anonymous Symbol]
    clk.o(.ARM.exidx.text.CLK_PowerDown) refers to clk.o(.text.CLK_PowerDown) for [Anonymous Symbol]
    clk.o(.ARM.exidx.text.CLK_Idle) refers to clk.o(.text.CLK_Idle) for [Anonymous Symbol]
    clk.o(.ARM.exidx.text.CLK_GetHXTFreq) refers to clk.o(.text.CLK_GetHXTFreq) for [Anonymous Symbol]
    clk.o(.ARM.exidx.text.CLK_GetLXTFreq) refers to clk.o(.text.CLK_GetLXTFreq) for [Anonymous Symbol]
    clk.o(.text.CLK_GetHCLKFreq) refers to system_nuc100series.o(.text.SystemCoreClockUpdate) for SystemCoreClockUpdate
    clk.o(.text.CLK_GetHCLKFreq) refers to system_nuc100series.o(.data.SystemCoreClock) for SystemCoreClock
    clk.o(.ARM.exidx.text.CLK_GetHCLKFreq) refers to clk.o(.text.CLK_GetHCLKFreq) for [Anonymous Symbol]
    clk.o(.text.CLK_GetPCLKFreq) refers to system_nuc100series.o(.text.SystemCoreClockUpdate) for SystemCoreClockUpdate
    clk.o(.text.CLK_GetPCLKFreq) refers to system_nuc100series.o(.data.SystemCoreClock) for SystemCoreClock
    clk.o(.ARM.exidx.text.CLK_GetPCLKFreq) refers to clk.o(.text.CLK_GetPCLKFreq) for [Anonymous Symbol]
    clk.o(.text.CLK_GetCPUFreq) refers to system_nuc100series.o(.text.SystemCoreClockUpdate) for SystemCoreClockUpdate
    clk.o(.text.CLK_GetCPUFreq) refers to system_nuc100series.o(.data.SystemCoreClock) for SystemCoreClock
    clk.o(.ARM.exidx.text.CLK_GetCPUFreq) refers to clk.o(.text.CLK_GetCPUFreq) for [Anonymous Symbol]
    clk.o(.text.CLK_SetCoreClock) refers to clk.o(.text.CLK_EnablePLL) for CLK_EnablePLL
    clk.o(.text.CLK_SetCoreClock) refers to clk.o(.text.CLK_SetHCLK) for CLK_SetHCLK
    clk.o(.ARM.exidx.text.CLK_SetCoreClock) refers to clk.o(.text.CLK_SetCoreClock) for [Anonymous Symbol]
    clk.o(.text.CLK_EnablePLL) refers to clk.o(.text.CLK_WaitClockReady) for CLK_WaitClockReady
    clk.o(.text.CLK_EnablePLL) refers to uidiv_div0.o(.text) for __aeabi_uidiv
    clk.o(.text.CLK_EnablePLL) refers to clk.o(.text.CLK_GetPLLClockFreq) for CLK_GetPLLClockFreq
    clk.o(.ARM.exidx.text.CLK_EnablePLL) refers to clk.o(.text.CLK_EnablePLL) for [Anonymous Symbol]
    clk.o(.text.CLK_SetHCLK) refers to system_nuc100series.o(.text.SystemCoreClockUpdate) for SystemCoreClockUpdate
    clk.o(.ARM.exidx.text.CLK_SetHCLK) refers to clk.o(.text.CLK_SetHCLK) for [Anonymous Symbol]
    clk.o(.ARM.exidx.text.CLK_SetSysTickClockSrc) refers to clk.o(.text.CLK_SetSysTickClockSrc) for [Anonymous Symbol]
    clk.o(.ARM.exidx.text.CLK_EnableXtalRC) refers to clk.o(.text.CLK_EnableXtalRC) for [Anonymous Symbol]
    clk.o(.ARM.exidx.text.CLK_DisableXtalRC) refers to clk.o(.text.CLK_DisableXtalRC) for [Anonymous Symbol]
    clk.o(.ARM.exidx.text.CLK_WaitClockReady) refers to clk.o(.text.CLK_WaitClockReady) for [Anonymous Symbol]
    clk.o(.text.CLK_GetPLLClockFreq) refers to uidiv_div0.o(.text) for __aeabi_uidiv
    clk.o(.ARM.exidx.text.CLK_GetPLLClockFreq) refers to clk.o(.text.CLK_GetPLLClockFreq) for [Anonymous Symbol]
    clk.o(.ARM.exidx.text.CLK_DisablePLL) refers to clk.o(.text.CLK_DisablePLL) for [Anonymous Symbol]
    clk.o(.ARM.exidx.text.CLK_EnableSysTick) refers to clk.o(.text.CLK_EnableSysTick) for [Anonymous Symbol]
    clk.o(.ARM.exidx.text.CLK_DisableSysTick) refers to clk.o(.text.CLK_DisableSysTick) for [Anonymous Symbol]
    sys.o(.ARM.exidx.text.SYS_ClearResetSrc) refers to sys.o(.text.SYS_ClearResetSrc) for [Anonymous Symbol]
    sys.o(.ARM.exidx.text.SYS_GetBODStatus) refers to sys.o(.text.SYS_GetBODStatus) for [Anonymous Symbol]
    sys.o(.ARM.exidx.text.SYS_GetResetSrc) refers to sys.o(.text.SYS_GetResetSrc) for [Anonymous Symbol]
    sys.o(.ARM.exidx.text.SYS_IsRegLocked) refers to sys.o(.text.SYS_IsRegLocked) for [Anonymous Symbol]
    sys.o(.ARM.exidx.text.SYS_ReadPDID) refers to sys.o(.text.SYS_ReadPDID) for [Anonymous Symbol]
    sys.o(.ARM.exidx.text.SYS_ResetChip) refers to sys.o(.text.SYS_ResetChip) for [Anonymous Symbol]
    sys.o(.ARM.exidx.text.SYS_ResetCPU) refers to sys.o(.text.SYS_ResetCPU) for [Anonymous Symbol]
    sys.o(.ARM.exidx.text.SYS_ResetModule) refers to sys.o(.text.SYS_ResetModule) for [Anonymous Symbol]
    sys.o(.ARM.exidx.text.SYS_EnableBOD) refers to sys.o(.text.SYS_EnableBOD) for [Anonymous Symbol]
    sys.o(.ARM.exidx.text.SYS_DisableBOD) refers to sys.o(.text.SYS_DisableBOD) for [Anonymous Symbol]
    main.o(.text.Display_7seg) refers to uidiv_div0.o(.text) for __aeabi_uidiv
    main.o(.text.Display_7seg) refers to seven_segment.o(.text.CloseSevenSegment) for CloseSevenSegment
    main.o(.text.Display_7seg) refers to seven_segment.o(.text.ShowSevenSegment) for ShowSevenSegment
    main.o(.text.Display_7seg) refers to main.o(.text.CLK_SysTickDelay) for CLK_SysTickDelay
    main.o(.ARM.exidx.text.Display_7seg) refers to main.o(.text.Display_7seg) for [Anonymous Symbol]
    main.o(.text.CLK_SysTickDelay) refers to system_nuc100series.o(.data.CyclesPerUs) for CyclesPerUs
    main.o(.ARM.exidx.text.CLK_SysTickDelay) refers to main.o(.text.CLK_SysTickDelay) for [Anonymous Symbol]
    main.o(.text.Display_7seg_digit) refers to seven_segment.o(.text.CloseSevenSegment) for CloseSevenSegment
    main.o(.text.Display_7seg_digit) refers to seven_segment.o(.text.ShowSevenSegment) for ShowSevenSegment
    main.o(.text.Display_7seg_digit) refers to main.o(.text.CLK_SysTickDelay) for CLK_SysTickDelay
    main.o(.ARM.exidx.text.Display_7seg_digit) refers to main.o(.text.Display_7seg_digit) for [Anonymous Symbol]
    main.o(.text.GPIO_init) refers to gpio.o(.text.GPIO_SetMode) for GPIO_SetMode
    main.o(.ARM.exidx.text.GPIO_init) refers to main.o(.text.GPIO_init) for [Anonymous Symbol]
    main.o(.text.buzz_init) refers to gpio.o(.text.GPIO_SetMode) for GPIO_SetMode
    main.o(.ARM.exidx.text.buzz_init) refers to main.o(.text.buzz_init) for [Anonymous Symbol]
    main.o(.text.Buzz) refers to main.o(.text.CLK_SysTickDelay) for CLK_SysTickDelay
    main.o(.ARM.exidx.text.Buzz) refers to main.o(.text.Buzz) for [Anonymous Symbol]
    main.o(.ARM.exidx.text.gpio_display) refers to main.o(.text.gpio_display) for [Anonymous Symbol]
    main.o(.ARM.exidx.text.show_number) refers to main.o(.text.show_number) for [Anonymous Symbol]
    main.o(.text.ex3_1) refers to scankey.o(.text.ScanKey) for ScanKey
    main.o(.text.ex3_1) refers to main.o(.text.Display_7seg_digit) for Display_7seg_digit
    main.o(.text.ex3_1) refers to main.o(.text.gpio_display) for gpio_display
    main.o(.text.ex3_1) refers to main.o(.rodata..L__const.ex3_1.studentID) for [Anonymous Symbol]
    main.o(.ARM.exidx.text.ex3_1) refers to main.o(.text.ex3_1) for [Anonymous Symbol]
    main.o(.text.ex3_2) refers to scankey.o(.text.ScanKey) for ScanKey
    main.o(.text.ex3_2) refers to main.o(.text.Buzz) for Buzz
    main.o(.text.ex3_2) refers to main.o(.text.show_number) for show_number
    main.o(.text.ex3_2) refers to main.o(.text.Display_7seg) for Display_7seg
    main.o(.ARM.exidx.text.ex3_2) refers to main.o(.text.ex3_2) for [Anonymous Symbol]
    main.o(.text.main) refers to sys_init.o(.text.SYS_Init) for SYS_Init
    main.o(.text.main) refers to seven_segment.o(.text.OpenSevenSegment) for OpenSevenSegment
    main.o(.text.main) refers to scankey.o(.text.OpenKeyPad) for OpenKeyPad
    main.o(.text.main) refers to main.o(.text.buzz_init) for buzz_init
    main.o(.text.main) refers to main.o(.text.GPIO_init) for GPIO_init
    main.o(.text.main) refers to main.o(.text.ex3_1) for ex3_1
    main.o(.ARM.exidx.text.main) refers to main.o(.text.main) for [Anonymous Symbol]
    sys_init.o(.text.SYS_Init) refers to sys_init.o(.text.SYS_UnlockReg) for SYS_UnlockReg
    sys_init.o(.text.SYS_Init) refers to clk.o(.text.CLK_EnableXtalRC) for CLK_EnableXtalRC
    sys_init.o(.text.SYS_Init) refers to clk.o(.text.CLK_WaitClockReady) for CLK_WaitClockReady
    sys_init.o(.text.SYS_Init) refers to clk.o(.text.CLK_SetCoreClock) for CLK_SetCoreClock
    sys_init.o(.text.SYS_Init) refers to sys_init.o(.text.SYS_LockReg) for SYS_LockReg
    sys_init.o(.ARM.exidx.text.SYS_Init) refers to sys_init.o(.text.SYS_Init) for [Anonymous Symbol]
    sys_init.o(.ARM.exidx.text.SYS_UnlockReg) refers to sys_init.o(.text.SYS_UnlockReg) for [Anonymous Symbol]
    sys_init.o(.ARM.exidx.text.SYS_LockReg) refers to sys_init.o(.text.SYS_LockReg) for [Anonymous Symbol]
    seven_segment.o(.text.OpenSevenSegment) refers to gpio.o(.text.GPIO_SetMode) for GPIO_SetMode
    seven_segment.o(.ARM.exidx.text.OpenSevenSegment) refers to seven_segment.o(.text.OpenSevenSegment) for [Anonymous Symbol]
    seven_segment.o(.text.ShowSevenSegment) refers to seven_segment.o(.data.SEG_BUF) for SEG_BUF
    seven_segment.o(.ARM.exidx.text.ShowSevenSegment) refers to seven_segment.o(.text.ShowSevenSegment) for [Anonymous Symbol]
    seven_segment.o(.ARM.exidx.text.CloseSevenSegment) refers to seven_segment.o(.text.CloseSevenSegment) for [Anonymous Symbol]
    scankey.o(.ARM.exidx.text.delay) refers to scankey.o(.text.delay) for [Anonymous Symbol]
    scankey.o(.text.OpenKeyPad) refers to gpio.o(.text.GPIO_SetMode) for GPIO_SetMode
    scankey.o(.ARM.exidx.text.OpenKeyPad) refers to scankey.o(.text.OpenKeyPad) for [Anonymous Symbol]
    scankey.o(.ARM.exidx.text.ScanKey) refers to scankey.o(.text.ScanKey) for [Anonymous Symbol]
    entry.o(.ARM.Collect$$$$00000000) refers (Special) to entry10a.o(.ARM.Collect$$$$0000000D) for __rt_final_cpp
    entry.o(.ARM.Collect$$$$00000000) refers (Special) to entry11a.o(.ARM.Collect$$$$0000000F) for __rt_final_exit
    entry.o(.ARM.Collect$$$$00000000) refers (Special) to entry7b.o(.ARM.Collect$$$$00000008) for _main_clock
    entry.o(.ARM.Collect$$$$00000000) refers (Special) to entry8b.o(.ARM.Collect$$$$0000000A) for _main_cpp_init
    entry.o(.ARM.Collect$$$$00000000) refers (Special) to entry9a.o(.ARM.Collect$$$$0000000B) for _main_init
    entry.o(.ARM.Collect$$$$00000000) refers (Special) to entry5.o(.ARM.Collect$$$$00000004) for _main_scatterload
    entry.o(.ARM.Collect$$$$00000000) refers (Special) to entry2.o(.ARM.Collect$$$$00000001) for _main_stk
    entry2.o(.ARM.Collect$$$$00000001) refers to entry2.o(.ARM.Collect$$$$00002712) for __lit__00000000
    entry2.o(.ARM.Collect$$$$00002712) refers to startup_nuc100series.o(STACK) for __initial_sp
    entry2.o(__vectab_stack_and_reset_area) refers to startup_nuc100series.o(STACK) for __initial_sp
    entry2.o(__vectab_stack_and_reset_area) refers to entry.o(.ARM.Collect$$$$00000000) for __main
    entry5.o(.ARM.Collect$$$$00000004) refers to init.o(.text) for __scatterload
    entry9a.o(.ARM.Collect$$$$0000000B) refers to main.o(.text.main) for main
    entry9b.o(.ARM.Collect$$$$0000000C) refers to main.o(.text.main) for main
    idiv_div0.o(.text) refers to uidiv_div0.o(.text) for __aeabi_uidivmod
    init.o(.text) refers to entry5.o(.ARM.Collect$$$$00000004) for __main_after_scatterload


==============================================================================

Removing Unused input sections from the image.

    Removing system_nuc100series.o(.text), (0 bytes).
    Removing system_nuc100series.o(.ARM.exidx.text.SystemCoreClockUpdate), (8 bytes).
    Removing system_nuc100series.o(.ARM.exidx.text.CLK_GetPLLClockFreq), (8 bytes).
    Removing system_nuc100series.o(.ARM.exidx.text.SystemInit), (8 bytes).
    Removing system_nuc100series.o(.rodata.cst4), (4 bytes).
    Removing startup_nuc100series.o(HEAP), (0 bytes).
    Removing gpio.o(.text), (0 bytes).
    Removing gpio.o(.ARM.exidx.text.GPIO_SetMode), (8 bytes).
    Removing gpio.o(.text.GPIO_EnableInt), (48 bytes).
    Removing gpio.o(.ARM.exidx.text.GPIO_EnableInt), (8 bytes).
    Removing gpio.o(.text.GPIO_DisableInt), (44 bytes).
    Removing gpio.o(.ARM.exidx.text.GPIO_DisableInt), (8 bytes).
    Removing uart.o(.text), (0 bytes).
    Removing uart.o(.text.UART_ClearIntFlag), (116 bytes).
    Removing uart.o(.ARM.exidx.text.UART_ClearIntFlag), (8 bytes).
    Removing uart.o(.text.UART_Close), (14 bytes).
    Removing uart.o(.ARM.exidx.text.UART_Close), (8 bytes).
    Removing uart.o(.text.UART_DisableFlowCtrl), (20 bytes).
    Removing uart.o(.ARM.exidx.text.UART_DisableFlowCtrl), (8 bytes).
    Removing uart.o(.text.UART_DisableInt), (76 bytes).
    Removing uart.o(.ARM.exidx.text.UART_DisableInt), (8 bytes).
    Removing uart.o(.text.NVIC_DisableIRQ), (32 bytes).
    Removing uart.o(.ARM.exidx.text.NVIC_DisableIRQ), (8 bytes).
    Removing uart.o(.text.UART_EnableFlowCtrl), (42 bytes).
    Removing uart.o(.ARM.exidx.text.UART_EnableFlowCtrl), (8 bytes).
    Removing uart.o(.text.UART_EnableInt), (76 bytes).
    Removing uart.o(.ARM.exidx.text.UART_EnableInt), (8 bytes).
    Removing uart.o(.text.NVIC_EnableIRQ), (32 bytes).
    Removing uart.o(.ARM.exidx.text.NVIC_EnableIRQ), (8 bytes).
    Removing uart.o(.text.UART_Open), (232 bytes).
    Removing uart.o(.ARM.exidx.text.UART_Open), (8 bytes).
    Removing uart.o(.text.CLK_GetPLLClockFreq), (172 bytes).
    Removing uart.o(.ARM.exidx.text.CLK_GetPLLClockFreq), (8 bytes).
    Removing uart.o(.text.UART_Read), (98 bytes).
    Removing uart.o(.ARM.exidx.text.UART_Read), (8 bytes).
    Removing uart.o(.text.UART_SetLine_Config), (228 bytes).
    Removing uart.o(.ARM.exidx.text.UART_SetLine_Config), (8 bytes).
    Removing uart.o(.text.UART_SetTimeoutCnt), (38 bytes).
    Removing uart.o(.ARM.exidx.text.UART_SetTimeoutCnt), (8 bytes).
    Removing uart.o(.text.UART_SelectIrDAMode), (228 bytes).
    Removing uart.o(.ARM.exidx.text.UART_SelectIrDAMode), (8 bytes).
    Removing uart.o(.text.UART_SelectRS485Mode), (48 bytes).
    Removing uart.o(.ARM.exidx.text.UART_SelectRS485Mode), (8 bytes).
    Removing uart.o(.text.UART_SelectLINMode), (42 bytes).
    Removing uart.o(.ARM.exidx.text.UART_SelectLINMode), (8 bytes).
    Removing uart.o(.text.UART_Write), (98 bytes).
    Removing uart.o(.ARM.exidx.text.UART_Write), (8 bytes).
    Removing uart.o(.rodata.cst16), (48 bytes).
    Removing uart.o(.rodata.cst4), (4 bytes).
    Removing clk.o(.text), (0 bytes).
    Removing clk.o(.text.CLK_DisableCKO), (16 bytes).
    Removing clk.o(.ARM.exidx.text.CLK_DisableCKO), (8 bytes).
    Removing clk.o(.text.CLK_DisableModuleClock), (56 bytes).
    Removing clk.o(.ARM.exidx.text.CLK_DisableModuleClock), (8 bytes).
    Removing clk.o(.text.CLK_EnableCKO), (52 bytes).
    Removing clk.o(.ARM.exidx.text.CLK_EnableCKO), (8 bytes).
    Removing clk.o(.text.CLK_EnableModuleClock), (56 bytes).
    Removing clk.o(.ARM.exidx.text.CLK_EnableModuleClock), (8 bytes).
    Removing clk.o(.text.CLK_SetModuleClock), (308 bytes).
    Removing clk.o(.ARM.exidx.text.CLK_SetModuleClock), (8 bytes).
    Removing clk.o(.text.CLK_PowerDown), (36 bytes).
    Removing clk.o(.ARM.exidx.text.CLK_PowerDown), (8 bytes).
    Removing clk.o(.text.CLK_Idle), (32 bytes).
    Removing clk.o(.ARM.exidx.text.CLK_Idle), (8 bytes).
    Removing clk.o(.text.CLK_GetHXTFreq), (40 bytes).
    Removing clk.o(.ARM.exidx.text.CLK_GetHXTFreq), (8 bytes).
    Removing clk.o(.text.CLK_GetLXTFreq), (40 bytes).
    Removing clk.o(.ARM.exidx.text.CLK_GetLXTFreq), (8 bytes).
    Removing clk.o(.text.CLK_GetHCLKFreq), (16 bytes).
    Removing clk.o(.ARM.exidx.text.CLK_GetHCLKFreq), (8 bytes).
    Removing clk.o(.text.CLK_GetPCLKFreq), (16 bytes).
    Removing clk.o(.ARM.exidx.text.CLK_GetPCLKFreq), (8 bytes).
    Removing clk.o(.text.CLK_GetCPUFreq), (16 bytes).
    Removing clk.o(.ARM.exidx.text.CLK_GetCPUFreq), (8 bytes).
    Removing clk.o(.ARM.exidx.text.CLK_SetCoreClock), (8 bytes).
    Removing clk.o(.ARM.exidx.text.CLK_EnablePLL), (8 bytes).
    Removing clk.o(.ARM.exidx.text.CLK_SetHCLK), (8 bytes).
    Removing clk.o(.text.CLK_SetSysTickClockSrc), (28 bytes).
    Removing clk.o(.ARM.exidx.text.CLK_SetSysTickClockSrc), (8 bytes).
    Removing clk.o(.ARM.exidx.text.CLK_EnableXtalRC), (8 bytes).
    Removing clk.o(.text.CLK_DisableXtalRC), (24 bytes).
    Removing clk.o(.ARM.exidx.text.CLK_DisableXtalRC), (8 bytes).
    Removing clk.o(.ARM.exidx.text.CLK_WaitClockReady), (8 bytes).
    Removing clk.o(.ARM.exidx.text.CLK_GetPLLClockFreq), (8 bytes).
    Removing clk.o(.text.CLK_DisablePLL), (20 bytes).
    Removing clk.o(.ARM.exidx.text.CLK_DisablePLL), (8 bytes).
    Removing clk.o(.text.CLK_EnableSysTick), (92 bytes).
    Removing clk.o(.ARM.exidx.text.CLK_EnableSysTick), (8 bytes).
    Removing clk.o(.text.CLK_DisableSysTick), (12 bytes).
    Removing clk.o(.ARM.exidx.text.CLK_DisableSysTick), (8 bytes).
    Removing clk.o(.rodata.cst16), (48 bytes).
    Removing clk.o(.rodata.cst8), (8 bytes).
    Removing clk.o(.rodata.cst4), (4 bytes).
    Removing sys.o(.text), (0 bytes).
    Removing sys.o(.text.SYS_ClearResetSrc), (24 bytes).
    Removing sys.o(.ARM.exidx.text.SYS_ClearResetSrc), (8 bytes).
    Removing sys.o(.text.SYS_GetBODStatus), (16 bytes).
    Removing sys.o(.ARM.exidx.text.SYS_GetBODStatus), (8 bytes).
    Removing sys.o(.text.SYS_GetResetSrc), (12 bytes).
    Removing sys.o(.ARM.exidx.text.SYS_GetResetSrc), (8 bytes).
    Removing sys.o(.text.SYS_IsRegLocked), (20 bytes).
    Removing sys.o(.ARM.exidx.text.SYS_IsRegLocked), (8 bytes).
    Removing sys.o(.text.SYS_ReadPDID), (8 bytes).
    Removing sys.o(.ARM.exidx.text.SYS_ReadPDID), (8 bytes).
    Removing sys.o(.text.SYS_ResetChip), (16 bytes).
    Removing sys.o(.ARM.exidx.text.SYS_ResetChip), (8 bytes).
    Removing sys.o(.text.SYS_ResetCPU), (16 bytes).
    Removing sys.o(.ARM.exidx.text.SYS_ResetCPU), (8 bytes).
    Removing sys.o(.text.SYS_ResetModule), (60 bytes).
    Removing sys.o(.ARM.exidx.text.SYS_ResetModule), (8 bytes).
    Removing sys.o(.text.SYS_EnableBOD), (48 bytes).
    Removing sys.o(.ARM.exidx.text.SYS_EnableBOD), (8 bytes).
    Removing sys.o(.text.SYS_DisableBOD), (16 bytes).
    Removing sys.o(.ARM.exidx.text.SYS_DisableBOD), (8 bytes).
    Removing main.o(.text), (0 bytes).
    Removing main.o(.text.Display_7seg), (200 bytes).
    Removing main.o(.ARM.exidx.text.Display_7seg), (8 bytes).
    Removing main.o(.ARM.exidx.text.CLK_SysTickDelay), (8 bytes).
    Removing main.o(.ARM.exidx.text.Display_7seg_digit), (8 bytes).
    Removing main.o(.ARM.exidx.text.GPIO_init), (8 bytes).
    Removing main.o(.ARM.exidx.text.buzz_init), (8 bytes).
    Removing main.o(.text.Buzz), (72 bytes).
    Removing main.o(.ARM.exidx.text.Buzz), (8 bytes).
    Removing main.o(.ARM.exidx.text.gpio_display), (8 bytes).
    Removing main.o(.text.show_number), (84 bytes).
    Removing main.o(.ARM.exidx.text.show_number), (8 bytes).
    Removing main.o(.ARM.exidx.text.ex3_1), (8 bytes).
    Removing main.o(.text.ex3_2), (90 bytes).
    Removing main.o(.ARM.exidx.text.ex3_2), (8 bytes).
    Removing main.o(.ARM.exidx.text.main), (8 bytes).
    Removing main.o(.ARM.use_no_argv), (4 bytes).
    Removing sys_init.o(.text), (0 bytes).
    Removing sys_init.o(.ARM.exidx.text.SYS_Init), (8 bytes).
    Removing sys_init.o(.ARM.exidx.text.SYS_UnlockReg), (8 bytes).
    Removing sys_init.o(.ARM.exidx.text.SYS_LockReg), (8 bytes).
    Removing seven_segment.o(.text), (0 bytes).
    Removing seven_segment.o(.ARM.exidx.text.OpenSevenSegment), (8 bytes).
    Removing seven_segment.o(.ARM.exidx.text.ShowSevenSegment), (8 bytes).
    Removing seven_segment.o(.ARM.exidx.text.CloseSevenSegment), (8 bytes).
    Removing scankey.o(.text), (0 bytes).
    Removing scankey.o(.text.delay), (36 bytes).
    Removing scankey.o(.ARM.exidx.text.delay), (8 bytes).
    Removing scankey.o(.ARM.exidx.text.OpenKeyPad), (8 bytes).
    Removing scankey.o(.ARM.exidx.text.ScanKey), (8 bytes).

144 unused section(s) (total 3990 bytes) removed from the image.

==============================================================================

Image Symbol Table

    Local Symbols

    Symbol Name                              Value     Ov Type        Size  Object(Section)

    ../clib/division.s                       0x00000000   Number         0  aeabi_sdiv.o ABSOLUTE
    ../clib/division.s                       0x00000000   Number         0  aeabi_sdiv_div0.o ABSOLUTE
    ../clib/microlib/division.c              0x00000000   Number         0  uidiv.o ABSOLUTE
    ../clib/microlib/division.c              0x00000000   Number         0  uidiv_div0.o ABSOLUTE
    ../clib/microlib/division.c              0x00000000   Number         0  idiv_div0.o ABSOLUTE
    ../clib/microlib/division.c              0x00000000   Number         0  idiv0.o ABSOLUTE
    ../clib/microlib/init/entry.s            0x00000000   Number         0  entry.o ABSOLUTE
    ../clib/microlib/init/entry.s            0x00000000   Number         0  entry2.o ABSOLUTE
    ../clib/microlib/init/entry.s            0x00000000   Number         0  entry5.o ABSOLUTE
    ../clib/microlib/init/entry.s            0x00000000   Number         0  entry7a.o ABSOLUTE
    ../clib/microlib/init/entry.s            0x00000000   Number         0  entry7b.o ABSOLUTE
    ../clib/microlib/init/entry.s            0x00000000   Number         0  entry8a.o ABSOLUTE
    ../clib/microlib/init/entry.s            0x00000000   Number         0  entry8b.o ABSOLUTE
    ../clib/microlib/init/entry.s            0x00000000   Number         0  entry9a.o ABSOLUTE
    ../clib/microlib/init/entry.s            0x00000000   Number         0  entry9b.o ABSOLUTE
    ../clib/microlib/init/entry.s            0x00000000   Number         0  entry10a.o ABSOLUTE
    ../clib/microlib/init/entry.s            0x00000000   Number         0  entry10b.o ABSOLUTE
    ../clib/microlib/init/entry.s            0x00000000   Number         0  entry11a.o ABSOLUTE
    ../clib/microlib/init/entry.s            0x00000000   Number         0  entry11b.o ABSOLUTE
    ..\..\..\..\Library\Device\Nuvoton\NUC100Series\Source\ARM\startup_NUC100Series.s 0x00000000   Number         0  startup_nuc100series.o ABSOLUTE
    SYS_init.c                               0x00000000   Number         0  sys_init.o ABSOLUTE
    Scankey.c                                0x00000000   Number         0  scankey.o ABSOLUTE
    Seven_Segment.c                          0x00000000   Number         0  seven_segment.o ABSOLUTE
    clk.c                                    0x00000000   Number         0  clk.o ABSOLUTE
    gpio.c                                   0x00000000   Number         0  gpio.o ABSOLUTE
    handlers.s                               0x00000000   Number         0  handlers.o ABSOLUTE
    init.s                                   0x00000000   Number         0  init.o ABSOLUTE
    main.c                                   0x00000000   Number         0  main.o ABSOLUTE
    sys.c                                    0x00000000   Number         0  sys.o ABSOLUTE
    system_NUC100Series.c                    0x00000000   Number         0  system_nuc100series.o ABSOLUTE
    uart.c                                   0x00000000   Number         0  uart.o ABSOLUTE
    RESET                                    0x00000000   Section      192  startup_nuc100series.o(RESET)
    .ARM.Collect$$$$00000000                 0x000000c0   Section        0  entry.o(.ARM.Collect$$$$00000000)
    .ARM.Collect$$$$00000001                 0x000000c0   Section        4  entry2.o(.ARM.Collect$$$$00000001)
    .ARM.Collect$$$$00000004                 0x000000c4   Section        4  entry5.o(.ARM.Collect$$$$00000004)
    .ARM.Collect$$$$00000008                 0x000000c8   Section        0  entry7b.o(.ARM.Collect$$$$00000008)
    .ARM.Collect$$$$0000000A                 0x000000c8   Section        0  entry8b.o(.ARM.Collect$$$$0000000A)
    .ARM.Collect$$$$0000000B                 0x000000c8   Section        8  entry9a.o(.ARM.Collect$$$$0000000B)
    __lit__00000000                          0x000000d0   Data           4  entry2.o(.ARM.Collect$$$$00002712)
    .ARM.Collect$$$$0000000D                 0x000000d0   Section        0  entry10a.o(.ARM.Collect$$$$0000000D)
    .ARM.Collect$$$$0000000F                 0x000000d0   Section        0  entry11a.o(.ARM.Collect$$$$0000000F)
    .ARM.Collect$$$$00002712                 0x000000d0   Section        4  entry2.o(.ARM.Collect$$$$00002712)
    .text                                    0x000000d4   Section       76  startup_nuc100series.o(.text)
    Default_Handler                          0x000000ff   Thumb Code     2  startup_nuc100series.o(.text)
    .text                                    0x00000120   Section        0  uidiv_div0.o(.text)
    .text                                    0x00000160   Section       48  init.o(.text)
    [Anonymous Symbol]                       0x00000190   Section        0  clk.o(.text.CLK_EnablePLL)
    __arm_cp.13_4                            0x00000368   Number         4  clk.o(.text.CLK_EnablePLL)
    __arm_cp.13_5                            0x0000036c   Number         4  clk.o(.text.CLK_EnablePLL)
    __arm_cp.13_6                            0x00000370   Number         4  clk.o(.text.CLK_EnablePLL)
    __arm_cp.13_10                           0x00000374   Number         4  clk.o(.text.CLK_EnablePLL)
    __arm_cp.13_11                           0x00000378   Number         4  clk.o(.text.CLK_EnablePLL)
    __arm_cp.13_12                           0x0000037c   Number         4  clk.o(.text.CLK_EnablePLL)
    __arm_cp.13_13                           0x00000380   Number         4  clk.o(.text.CLK_EnablePLL)
    __arm_cp.13_14                           0x00000384   Number         4  clk.o(.text.CLK_EnablePLL)
    __arm_cp.13_15                           0x00000388   Number         4  clk.o(.text.CLK_EnablePLL)
    [Anonymous Symbol]                       0x0000038c   Section        0  clk.o(.text.CLK_EnableXtalRC)
    __arm_cp.16_0                            0x000003a0   Number         4  clk.o(.text.CLK_EnableXtalRC)
    CLK_GetPLLClockFreq                      0x000003a5   Thumb Code   152  system_nuc100series.o(.text.CLK_GetPLLClockFreq)
    [Anonymous Symbol]                       0x000003a4   Section        0  system_nuc100series.o(.text.CLK_GetPLLClockFreq)
    CLK_GetPLLClockFreq                      0x0000043d   Thumb Code   152  clk.o(.text.CLK_GetPLLClockFreq)
    [Anonymous Symbol]                       0x0000043c   Section        0  clk.o(.text.CLK_GetPLLClockFreq)
    __arm_cp.19_0                            0x000004d4   Number         4  clk.o(.text.CLK_GetPLLClockFreq)
    __arm_cp.19_1                            0x000004d8   Number         4  clk.o(.text.CLK_GetPLLClockFreq)
    __arm_cp.19_2                            0x000004dc   Number         4  clk.o(.text.CLK_GetPLLClockFreq)
    __arm_cp.19_3                            0x000004e0   Number         4  clk.o(.text.CLK_GetPLLClockFreq)
    __arm_cp.19_4                            0x000004e4   Number         4  clk.o(.text.CLK_GetPLLClockFreq)
    [Anonymous Symbol]                       0x000004e8   Section        0  clk.o(.text.CLK_SetCoreClock)
    __arm_cp.12_1                            0x0000059c   Number         4  clk.o(.text.CLK_SetCoreClock)
    __arm_cp.12_2                            0x000005a0   Number         4  clk.o(.text.CLK_SetCoreClock)
    __arm_cp.12_3                            0x000005a4   Number         4  clk.o(.text.CLK_SetCoreClock)
    __arm_cp.12_4                            0x000005a8   Number         4  clk.o(.text.CLK_SetCoreClock)
    __arm_cp.12_7                            0x000005ac   Number         4  clk.o(.text.CLK_SetCoreClock)
    [Anonymous Symbol]                       0x000005b0   Section        0  clk.o(.text.CLK_SetHCLK)
    __arm_cp.14_1                            0x0000061c   Number         4  clk.o(.text.CLK_SetHCLK)
    __arm_cp.14_2                            0x00000620   Number         4  clk.o(.text.CLK_SetHCLK)
    __arm_cp.14_3                            0x00000624   Number         4  clk.o(.text.CLK_SetHCLK)
    CLK_SysTickDelay                         0x00000629   Thumb Code    56  main.o(.text.CLK_SysTickDelay)
    [Anonymous Symbol]                       0x00000628   Section        0  main.o(.text.CLK_SysTickDelay)
    __arm_cp.1_0                             0x00000660   Number         4  main.o(.text.CLK_SysTickDelay)
    __arm_cp.1_1                             0x00000664   Number         4  main.o(.text.CLK_SysTickDelay)
    __arm_cp.1_2                             0x00000668   Number         4  main.o(.text.CLK_SysTickDelay)
    __arm_cp.1_3                             0x0000066c   Number         4  main.o(.text.CLK_SysTickDelay)
    [Anonymous Symbol]                       0x00000670   Section        0  clk.o(.text.CLK_WaitClockReady)
    __arm_cp.18_0                            0x000006a8   Number         4  clk.o(.text.CLK_WaitClockReady)
    __arm_cp.18_1                            0x000006ac   Number         4  clk.o(.text.CLK_WaitClockReady)
    [Anonymous Symbol]                       0x000006b0   Section        0  seven_segment.o(.text.CloseSevenSegment)
    [Anonymous Symbol]                       0x000006c4   Section        0  main.o(.text.Display_7seg_digit)
    __arm_cp.2_0                             0x000006e8   Number         4  main.o(.text.Display_7seg_digit)
    [Anonymous Symbol]                       0x000006ec   Section        0  gpio.o(.text.GPIO_SetMode)
    [Anonymous Symbol]                       0x00000738   Section        0  main.o(.text.GPIO_init)
    [Anonymous Symbol]                       0x0000076c   Section        0  scankey.o(.text.OpenKeyPad)
    __arm_cp.1_0                             0x000007b4   Number         4  scankey.o(.text.OpenKeyPad)
    [Anonymous Symbol]                       0x000007b8   Section        0  seven_segment.o(.text.OpenSevenSegment)
    __arm_cp.0_0                             0x00000880   Number         4  seven_segment.o(.text.OpenSevenSegment)
    __arm_cp.0_1                             0x00000884   Number         4  seven_segment.o(.text.OpenSevenSegment)
    __arm_cp.0_2                             0x00000888   Number         4  seven_segment.o(.text.OpenSevenSegment)
    __arm_cp.0_3                             0x0000088c   Number         4  seven_segment.o(.text.OpenSevenSegment)
    __arm_cp.0_4                             0x00000890   Number         4  seven_segment.o(.text.OpenSevenSegment)
    __arm_cp.0_5                             0x00000894   Number         4  seven_segment.o(.text.OpenSevenSegment)
    [Anonymous Symbol]                       0x00000898   Section        0  sys_init.o(.text.SYS_Init)
    __arm_cp.0_0                             0x000008bc   Number         4  sys_init.o(.text.SYS_Init)
    SYS_LockReg                              0x000008c1   Thumb Code     8  sys_init.o(.text.SYS_LockReg)
    [Anonymous Symbol]                       0x000008c0   Section        0  sys_init.o(.text.SYS_LockReg)
    SYS_UnlockReg                            0x000008c9   Thumb Code    32  sys_init.o(.text.SYS_UnlockReg)
    [Anonymous Symbol]                       0x000008c8   Section        0  sys_init.o(.text.SYS_UnlockReg)
    __arm_cp.1_0                             0x000008e8   Number         4  sys_init.o(.text.SYS_UnlockReg)
    [Anonymous Symbol]                       0x000008ec   Section        0  scankey.o(.text.ScanKey)
    __arm_cp.2_0                             0x000009f0   Number         4  scankey.o(.text.ScanKey)
    __arm_cp.2_1                             0x000009f4   Number         4  scankey.o(.text.ScanKey)
    __arm_cp.2_2                             0x000009f8   Number         4  scankey.o(.text.ScanKey)
    __arm_cp.2_3                             0x000009fc   Number         4  scankey.o(.text.ScanKey)
    __arm_cp.2_4                             0x00000a00   Number         4  scankey.o(.text.ScanKey)
    __arm_cp.2_5                             0x00000a04   Number         4  scankey.o(.text.ScanKey)
    [Anonymous Symbol]                       0x00000a08   Section        0  seven_segment.o(.text.ShowSevenSegment)
    __arm_cp.1_0                             0x00000b88   Number         4  seven_segment.o(.text.ShowSevenSegment)
    __arm_cp.1_1                             0x00000b8c   Number         4  seven_segment.o(.text.ShowSevenSegment)
    __arm_cp.1_2                             0x00000b90   Number         4  seven_segment.o(.text.ShowSevenSegment)
    __arm_cp.1_3                             0x00000b94   Number         4  seven_segment.o(.text.ShowSevenSegment)
    __arm_cp.1_4                             0x00000b98   Number         4  seven_segment.o(.text.ShowSevenSegment)
    __arm_cp.1_5                             0x00000b9c   Number         4  seven_segment.o(.text.ShowSevenSegment)
    __arm_cp.1_6                             0x00000ba0   Number         4  seven_segment.o(.text.ShowSevenSegment)
    __arm_cp.1_7                             0x00000ba4   Number         4  seven_segment.o(.text.ShowSevenSegment)
    __arm_cp.1_8                             0x00000ba8   Number         4  seven_segment.o(.text.ShowSevenSegment)
    __arm_cp.1_9                             0x00000bac   Number         4  seven_segment.o(.text.ShowSevenSegment)
    __arm_cp.1_10                            0x00000bb0   Number         4  seven_segment.o(.text.ShowSevenSegment)
    __arm_cp.1_11                            0x00000bb4   Number         4  seven_segment.o(.text.ShowSevenSegment)
    __arm_cp.1_12                            0x00000bb8   Number         4  seven_segment.o(.text.ShowSevenSegment)
    [Anonymous Symbol]                       0x00000bbc   Section        0  system_nuc100series.o(.text.SystemCoreClockUpdate)
    __arm_cp.0_0                             0x00000c1c   Number         4  system_nuc100series.o(.text.SystemCoreClockUpdate)
    __arm_cp.0_1                             0x00000c20   Number         4  system_nuc100series.o(.text.SystemCoreClockUpdate)
    __arm_cp.0_2                             0x00000c24   Number         4  system_nuc100series.o(.text.SystemCoreClockUpdate)
    __arm_cp.0_3                             0x00000c28   Number         4  system_nuc100series.o(.text.SystemCoreClockUpdate)
    __arm_cp.0_4                             0x00000c2c   Number         4  system_nuc100series.o(.text.SystemCoreClockUpdate)
    __arm_cp.0_5                             0x00000c30   Number         4  system_nuc100series.o(.text.SystemCoreClockUpdate)
    __arm_cp.0_6                             0x00000c34   Number         4  system_nuc100series.o(.text.SystemCoreClockUpdate)
    __arm_cp.0_7                             0x00000c38   Number         4  system_nuc100series.o(.text.SystemCoreClockUpdate)
    [Anonymous Symbol]                       0x00000c3c   Section        0  system_nuc100series.o(.text.SystemInit)
    [Anonymous Symbol]                       0x00000c40   Section        0  main.o(.text.buzz_init)
    __arm_cp.4_0                             0x00000c50   Number         4  main.o(.text.buzz_init)
    [Anonymous Symbol]                       0x00000c54   Section        0  main.o(.text.ex3_1)
    __arm_cp.8_0                             0x00000cb0   Number         4  main.o(.text.ex3_1)
    [Anonymous Symbol]                       0x00000cb4   Section        0  main.o(.text.gpio_display)
    __arm_cp.6_0                             0x00000cf4   Number         4  main.o(.text.gpio_display)
    __arm_cp.6_1                             0x00000cf8   Number         4  main.o(.text.gpio_display)
    __arm_cp.6_2                             0x00000cfc   Number         4  main.o(.text.gpio_display)
    __arm_cp.6_3                             0x00000d00   Number         4  main.o(.text.gpio_display)
    [Anonymous Symbol]                       0x00000d04   Section        0  main.o(.text.main)
    i.__scatterload_copy                     0x00000d22   Section       14  handlers.o(i.__scatterload_copy)
    i.__scatterload_null                     0x00000d30   Section        2  handlers.o(i.__scatterload_null)
    i.__scatterload_zeroinit                 0x00000d32   Section       14  handlers.o(i.__scatterload_zeroinit)
    [Anonymous Symbol]                       0x00000d40   Section        0  main.o(.rodata..L__const.ex3_1.studentID)
    STACK                                    0x20000040   Section     1024  startup_nuc100series.o(STACK)

    Global Symbols

    Symbol Name                              Value     Ov Type        Size  Object(Section)

    BuildAttributes$$THM_ISAv3M$S$PE$A:L22$X:L11$S22$IEEE1$IW$~IW$USESV6$~STKCKD$USESV7$~SHL$OSPACE$EBA8$MICROLIB$REQ8$PRES8$EABIv2 0x00000000   Number         0  anon$$obj.o ABSOLUTE
    __Vectors                                0x00000000   Data           4  startup_nuc100series.o(RESET)
    __cpp_initialize__aeabi_                  - Undefined Weak Reference
    __cxa_finalize                            - Undefined Weak Reference
    __decompress                              - Undefined Weak Reference
    _clock_init                               - Undefined Weak Reference
    _microlib_exit                            - Undefined Weak Reference
    __main                                   0x000000c1   Thumb Code     0  entry.o(.ARM.Collect$$$$00000000)
    _main_stk                                0x000000c1   Thumb Code     0  entry2.o(.ARM.Collect$$$$00000001)
    _main_scatterload                        0x000000c5   Thumb Code     0  entry5.o(.ARM.Collect$$$$00000004)
    __main_after_scatterload                 0x000000c9   Thumb Code     0  entry5.o(.ARM.Collect$$$$00000004)
    _main_clock                              0x000000c9   Thumb Code     0  entry7b.o(.ARM.Collect$$$$00000008)
    _main_cpp_init                           0x000000c9   Thumb Code     0  entry8b.o(.ARM.Collect$$$$0000000A)
    _main_init                               0x000000c9   Thumb Code     0  entry9a.o(.ARM.Collect$$$$0000000B)
    __rt_final_cpp                           0x000000d1   Thumb Code     0  entry10a.o(.ARM.Collect$$$$0000000D)
    __rt_final_exit                          0x000000d1   Thumb Code     0  entry11a.o(.ARM.Collect$$$$0000000F)
    Reset_Handler                            0x000000d5   Thumb Code    32  startup_nuc100series.o(.text)
    NMI_Handler                              0x000000f5   Thumb Code     2  startup_nuc100series.o(.text)
    HardFault_Handler                        0x000000f7   Thumb Code     2  startup_nuc100series.o(.text)
    SVC_Handler                              0x000000f9   Thumb Code     2  startup_nuc100series.o(.text)
    PendSV_Handler                           0x000000fb   Thumb Code     2  startup_nuc100series.o(.text)
    SysTick_Handler                          0x000000fd   Thumb Code     2  startup_nuc100series.o(.text)
    ACMP_IRQHandler                          0x000000ff   Thumb Code     0  startup_nuc100series.o(.text)
    ADC_IRQHandler                           0x000000ff   Thumb Code     0  startup_nuc100series.o(.text)
    BOD_IRQHandler                           0x000000ff   Thumb Code     0  startup_nuc100series.o(.text)
    CAN0_IRQHandler                          0x000000ff   Thumb Code     0  startup_nuc100series.o(.text)
    CAN1_IRQHandler                          0x000000ff   Thumb Code     0  startup_nuc100series.o(.text)
    EINT0_IRQHandler                         0x000000ff   Thumb Code     0  startup_nuc100series.o(.text)
    EINT1_IRQHandler                         0x000000ff   Thumb Code     0  startup_nuc100series.o(.text)
    GPAB_IRQHandler                          0x000000ff   Thumb Code     0  startup_nuc100series.o(.text)
    GPCDEF_IRQHandler                        0x000000ff   Thumb Code     0  startup_nuc100series.o(.text)
    I2C0_IRQHandler                          0x000000ff   Thumb Code     0  startup_nuc100series.o(.text)
    I2C1_IRQHandler                          0x000000ff   Thumb Code     0  startup_nuc100series.o(.text)
    I2S_IRQHandler                           0x000000ff   Thumb Code     0  startup_nuc100series.o(.text)
    PDMA_IRQHandler                          0x000000ff   Thumb Code     0  startup_nuc100series.o(.text)
    PS2_IRQHandler                           0x000000ff   Thumb Code     0  startup_nuc100series.o(.text)
    PWMA_IRQHandler                          0x000000ff   Thumb Code     0  startup_nuc100series.o(.text)
    PWMB_IRQHandler                          0x000000ff   Thumb Code     0  startup_nuc100series.o(.text)
    PWRWU_IRQHandler                         0x000000ff   Thumb Code     0  startup_nuc100series.o(.text)
    RTC_IRQHandler                           0x000000ff   Thumb Code     0  startup_nuc100series.o(.text)
    SC012_IRQHandler                         0x000000ff   Thumb Code     0  startup_nuc100series.o(.text)
    SPI0_IRQHandler                          0x000000ff   Thumb Code     0  startup_nuc100series.o(.text)
    SPI1_IRQHandler                          0x000000ff   Thumb Code     0  startup_nuc100series.o(.text)
    SPI2_IRQHandler                          0x000000ff   Thumb Code     0  startup_nuc100series.o(.text)
    SPI3_IRQHandler                          0x000000ff   Thumb Code     0  startup_nuc100series.o(.text)
    TMR0_IRQHandler                          0x000000ff   Thumb Code     0  startup_nuc100series.o(.text)
    TMR1_IRQHandler                          0x000000ff   Thumb Code     0  startup_nuc100series.o(.text)
    TMR2_IRQHandler                          0x000000ff   Thumb Code     0  startup_nuc100series.o(.text)
    TMR3_IRQHandler                          0x000000ff   Thumb Code     0  startup_nuc100series.o(.text)
    UART02_IRQHandler                        0x000000ff   Thumb Code     0  startup_nuc100series.o(.text)
    UART1_IRQHandler                         0x000000ff   Thumb Code     0  startup_nuc100series.o(.text)
    USBD_IRQHandler                          0x000000ff   Thumb Code     0  startup_nuc100series.o(.text)
    WDT_IRQHandler                           0x000000ff   Thumb Code     0  startup_nuc100series.o(.text)
    __aeabi_uidiv                            0x00000121   Thumb Code     0  uidiv_div0.o(.text)
    __aeabi_uidivmod                         0x00000121   Thumb Code    62  uidiv_div0.o(.text)
    __scatterload                            0x00000161   Thumb Code    38  init.o(.text)
    __scatterload_rt2                        0x00000161   Thumb Code     0  init.o(.text)
    CLK_EnablePLL                            0x00000191   Thumb Code   472  clk.o(.text.CLK_EnablePLL)
    CLK_EnableXtalRC                         0x0000038d   Thumb Code    20  clk.o(.text.CLK_EnableXtalRC)
    CLK_SetCoreClock                         0x000004e9   Thumb Code   180  clk.o(.text.CLK_SetCoreClock)
    CLK_SetHCLK                              0x000005b1   Thumb Code   108  clk.o(.text.CLK_SetHCLK)
    CLK_WaitClockReady                       0x00000671   Thumb Code    56  clk.o(.text.CLK_WaitClockReady)
    CloseSevenSegment                        0x000006b1   Thumb Code    20  seven_segment.o(.text.CloseSevenSegment)
    Display_7seg_digit                       0x000006c5   Thumb Code    36  main.o(.text.Display_7seg_digit)
    GPIO_SetMode                             0x000006ed   Thumb Code    76  gpio.o(.text.GPIO_SetMode)
    GPIO_init                                0x00000739   Thumb Code    52  main.o(.text.GPIO_init)
    OpenKeyPad                               0x0000076d   Thumb Code    72  scankey.o(.text.OpenKeyPad)
    OpenSevenSegment                         0x000007b9   Thumb Code   200  seven_segment.o(.text.OpenSevenSegment)
    SYS_Init                                 0x00000899   Thumb Code    36  sys_init.o(.text.SYS_Init)
    ScanKey                                  0x000008ed   Thumb Code   260  scankey.o(.text.ScanKey)
    ShowSevenSegment                         0x00000a09   Thumb Code   384  seven_segment.o(.text.ShowSevenSegment)
    SystemCoreClockUpdate                    0x00000bbd   Thumb Code    96  system_nuc100series.o(.text.SystemCoreClockUpdate)
    SystemInit                               0x00000c3d   Thumb Code     2  system_nuc100series.o(.text.SystemInit)
    buzz_init                                0x00000c41   Thumb Code    16  main.o(.text.buzz_init)
    ex3_1                                    0x00000c55   Thumb Code    92  main.o(.text.ex3_1)
    gpio_display                             0x00000cb5   Thumb Code    64  main.o(.text.gpio_display)
    main                                     0x00000d05   Thumb Code    30  main.o(.text.main)
    __scatterload_copy                       0x00000d23   Thumb Code    14  handlers.o(i.__scatterload_copy)
    __scatterload_null                       0x00000d31   Thumb Code     2  handlers.o(i.__scatterload_null)
    __scatterload_zeroinit                   0x00000d33   Thumb Code    14  handlers.o(i.__scatterload_zeroinit)
    Region$$Table$$Base                      0x00000d5c   Number         0  anon$$obj.o(Region$$Table)
    Region$$Table$$Limit                     0x00000d7c   Number         0  anon$$obj.o(Region$$Table)
    CyclesPerUs                              0x20000000   Data           4  system_nuc100series.o(.data.CyclesPerUs)
    PllClock                                 0x20000004   Data           4  system_nuc100series.o(.data.PllClock)
    SEG_BUF                                  0x20000008   Data          16  seven_segment.o(.data.SEG_BUF)
    SystemCoreClock                          0x20000018   Data           4  system_nuc100series.o(.data.SystemCoreClock)
    gau32ClkSrcTbl                           0x2000001c   Data          32  system_nuc100series.o(.data.gau32ClkSrcTbl)
    __initial_sp                             0x20000440   Data           0  startup_nuc100series.o(STACK)



==============================================================================

Memory Map of the image

  Image Entry point : 0x000000d5

  Load Region LR_1 (Base: 0x00000000, Size: 0x00000db8, Max: 0xffffffff, ABSOLUTE)

    Execution Region ER_RO (Exec base: 0x00000000, Load base: 0x00000000, Size: 0x00000d7c, Max: 0xffffffff, ABSOLUTE)

    Exec Addr    Load Addr    Size         Type   Attr      Idx    E Section Name        Object

    0x00000000   0x00000000   0x000000c0   Data   RO           21    RESET               startup_nuc100series.o
    0x000000c0   0x000000c0   0x00000000   Code   RO          238  * .ARM.Collect$$$$00000000  mc_p.l(entry.o)
    0x000000c0   0x000000c0   0x00000004   Code   RO          243    .ARM.Collect$$$$00000001  mc_p.l(entry2.o)
    0x000000c4   0x000000c4   0x00000004   Code   RO          246    .ARM.Collect$$$$00000004  mc_p.l(entry5.o)
    0x000000c8   0x000000c8   0x00000000   Code   RO          248    .ARM.Collect$$$$00000008  mc_p.l(entry7b.o)
    0x000000c8   0x000000c8   0x00000000   Code   RO          250    .ARM.Collect$$$$0000000A  mc_p.l(entry8b.o)
    0x000000c8   0x000000c8   0x00000008   Code   RO          251    .ARM.Collect$$$$0000000B  mc_p.l(entry9a.o)
    0x000000d0   0x000000d0   0x00000000   Code   RO          253    .ARM.Collect$$$$0000000D  mc_p.l(entry10a.o)
    0x000000d0   0x000000d0   0x00000000   Code   RO          255    .ARM.Collect$$$$0000000F  mc_p.l(entry11a.o)
    0x000000d0   0x000000d0   0x00000004   Code   RO          244    .ARM.Collect$$$$00002712  mc_p.l(entry2.o)
    0x000000d4   0x000000d4   0x0000004c   Code   RO           22  * .text               startup_nuc100series.o
    0x00000120   0x00000120   0x0000003e   Code   RO          259    .text               mc_p.l(uidiv_div0.o)
    0x0000015e   0x0000015e   0x00000002   PAD
    0x00000160   0x00000160   0x00000030   Code   RO          265    .text               mc_p.l(init.o)
    0x00000190   0x00000190   0x000001fc   Code   RO          111    .text.CLK_EnablePLL  clk.o
    0x0000038c   0x0000038c   0x00000018   Code   RO          117    .text.CLK_EnableXtalRC  clk.o
    0x000003a4   0x000003a4   0x00000098   Code   RO            4    .text.CLK_GetPLLClockFreq  system_nuc100series.o
    0x0000043c   0x0000043c   0x000000ac   Code   RO          123    .text.CLK_GetPLLClockFreq  clk.o
    0x000004e8   0x000004e8   0x000000c8   Code   RO          109    .text.CLK_SetCoreClock  clk.o
    0x000005b0   0x000005b0   0x00000078   Code   RO          113    .text.CLK_SetHCLK   clk.o
    0x00000628   0x00000628   0x00000048   Code   RO          170    .text.CLK_SysTickDelay  main.o
    0x00000670   0x00000670   0x00000040   Code   RO          121    .text.CLK_WaitClockReady  clk.o
    0x000006b0   0x000006b0   0x00000014   Code   RO          216    .text.CloseSevenSegment  seven_segment.o
    0x000006c4   0x000006c4   0x00000028   Code   RO          172    .text.Display_7seg_digit  main.o
    0x000006ec   0x000006ec   0x0000004c   Code   RO           29    .text.GPIO_SetMode  gpio.o
    0x00000738   0x00000738   0x00000034   Code   RO          174    .text.GPIO_init     main.o
    0x0000076c   0x0000076c   0x0000004c   Code   RO          228    .text.OpenKeyPad    scankey.o
    0x000007b8   0x000007b8   0x000000e0   Code   RO          212    .text.OpenSevenSegment  seven_segment.o
    0x00000898   0x00000898   0x00000028   Code   RO          199    .text.SYS_Init      sys_init.o
    0x000008c0   0x000008c0   0x00000008   Code   RO          203    .text.SYS_LockReg   sys_init.o
    0x000008c8   0x000008c8   0x00000024   Code   RO          201    .text.SYS_UnlockReg  sys_init.o
    0x000008ec   0x000008ec   0x0000011c   Code   RO          230    .text.ScanKey       scankey.o
    0x00000a08   0x00000a08   0x000001b4   Code   RO          214    .text.ShowSevenSegment  seven_segment.o
    0x00000bbc   0x00000bbc   0x00000080   Code   RO            2    .text.SystemCoreClockUpdate  system_nuc100series.o
    0x00000c3c   0x00000c3c   0x00000002   Code   RO            6    .text.SystemInit    system_nuc100series.o
    0x00000c3e   0x00000c3e   0x00000002   PAD
    0x00000c40   0x00000c40   0x00000014   Code   RO          176    .text.buzz_init     main.o
    0x00000c54   0x00000c54   0x00000060   Code   RO          184    .text.ex3_1         main.o
    0x00000cb4   0x00000cb4   0x00000050   Code   RO          180    .text.gpio_display  main.o
    0x00000d04   0x00000d04   0x0000001e   Code   RO          188    .text.main          main.o
    0x00000d22   0x00000d22   0x0000000e   Code   RO          269    i.__scatterload_copy  mc_p.l(handlers.o)
    0x00000d30   0x00000d30   0x00000002   Code   RO          270    i.__scatterload_null  mc_p.l(handlers.o)
    0x00000d32   0x00000d32   0x0000000e   Code   RO          271    i.__scatterload_zeroinit  mc_p.l(handlers.o)
    0x00000d40   0x00000d40   0x0000001c   Data   RO          190    .rodata..L__const.ex3_1.studentID  main.o
    0x00000d5c   0x00000d5c   0x00000020   Data   RO          268    Region$$Table       anon$$obj.o


    Execution Region ER_RW (Exec base: 0x20000000, Load base: 0x00000d7c, Size: 0x0000003c, Max: 0xffffffff, ABSOLUTE)

    Exec Addr    Load Addr    Size         Type   Attr      Idx    E Section Name        Object

    0x20000000   0x00000d7c   0x00000004   Data   RW            9    .data.CyclesPerUs   system_nuc100series.o
    0x20000004   0x00000d80   0x00000004   Data   RW           10    .data.PllClock      system_nuc100series.o
    0x20000008   0x00000d84   0x00000010   Data   RW          218    .data.SEG_BUF       seven_segment.o
    0x20000018   0x00000d94   0x00000004   Data   RW            8    .data.SystemCoreClock  system_nuc100series.o
    0x2000001c   0x00000d98   0x00000020   Data   RW           11    .data.gau32ClkSrcTbl  system_nuc100series.o


    Execution Region ER_ZI (Exec base: 0x20000040, Load base: 0x00000db8, Size: 0x00000400, Max: 0xffffffff, ABSOLUTE)

    Exec Addr    Load Addr    Size         Type   Attr      Idx    E Section Name        Object

    0x20000040        -       0x00000400   Zero   RW           19    STACK               startup_nuc100series.o


==============================================================================

Image component sizes


      Code (inc. data)   RO Data    RW Data    ZI Data      Debug   Object Name

      1088        100          0          0          0       6704   clk.o
        76          0          0          0          0       1499   gpio.o
       390         44         28          0          0       3229   main.o
       360         28          0          0          0       1572   scankey.o
       680        156          0         16          0       1942   seven_segment.o
        76         32        192          0       1024        836   startup_nuc100series.o
        84          8          0          0          0       1830   sys_init.o
       282         32          0         44          0       2264   system_nuc100series.o

    ----------------------------------------------------------------------
      3038        400        252         60       1024      19876   Object Totals
         0          0         32          0          0          0   (incl. Generated)
         2          0          0          0          0          0   (incl. Padding)

    ----------------------------------------------------------------------

      Code (inc. data)   RO Data    RW Data    ZI Data      Debug   Library Member Name

         0          0          0          0          0          0   entry.o
         0          0          0          0          0          0   entry10a.o
         0          0          0          0          0          0   entry11a.o
         8          4          0          0          0          0   entry2.o
         4          0          0          0          0          0   entry5.o
         0          0          0          0          0          0   entry7b.o
         0          0          0          0          0          0   entry8b.o
         8          4          0          0          0          0   entry9a.o
        30          0          0          0          0          0   handlers.o
        48         10          0          0          0         68   init.o
        62          0          0          0          0         72   uidiv_div0.o

    ----------------------------------------------------------------------
       162         18          0          0          0        140   Library Totals
         2          0          0          0          0          0   (incl. Padding)

    ----------------------------------------------------------------------

      Code (inc. data)   RO Data    RW Data    ZI Data      Debug   Library Name

       160         18          0          0          0        140   mc_p.l

    ----------------------------------------------------------------------
       162         18          0          0          0        140   Library Totals

    ----------------------------------------------------------------------

==============================================================================


      Code (inc. data)   RO Data    RW Data    ZI Data      Debug   

      3200        418        252         60       1024      20048   Grand Totals
      3200        418        252         60       1024      20048   ELF Image Totals
      3200        418        252         60          0          0   ROM Totals

==============================================================================

    Total RO  Size (Code + RO Data)                 3452 (   3.37kB)
    Total RW  Size (RW Data + ZI Data)              1084 (   1.06kB)
    Total ROM Size (Code + RO Data + RW Data)       3512 (   3.43kB)

==============================================================================

